// Jest Snapshot v1, https://goo.gl/fbAQLP

exports[`button snapshot 1`] = `
<button
  data-testid="button"
  disabled={false}
>
  button
</button>
`;
