// Jest Snapshot v1, https://goo.gl/fbAQLP

exports[`Header snapshot 1`] = `
<header
  className="App-header"
>
  Email address parser to csv
</header>
`;
